[INFO] Scanning for projects...
[INFO] Inspecting build with total of 1 modules...
[INFO] Installing Nexus Staging features:
[INFO]   ... total of 1 executions of maven-deploy-plugin replaced with nexus-staging-maven-plugin
[INFO]
[INFO] --------------------------< org.pjdbc:PJDBC >---------------------------
[INFO] Building PJDBC 3.0.4-SNAPSHOT
[INFO]   from pom.xml
[INFO] --------------------------------[ jar ]---------------------------------
[INFO]
[INFO] --- resources:3.3.1:resources (default-resources) @ PJDBC ---
[INFO] Copying 4 resources from src/main/resources to target/classes
[INFO]
[INFO] --- compiler:3.14.1:compile (default-compile) @ PJDBC ---
[INFO] Nothing to compile - all classes are up to date.
[INFO]
[INFO] --- compiler:3.14.1:compile (process-annotations) @ PJDBC ---
[INFO] Nothing to compile - all classes are up to date.
[INFO]
[INFO] --- resources:3.3.1:testResources (default-testResources) @ PJDBC ---
[INFO] Copying 2 resources from src/test/resources to target/test-classes
[INFO]
[INFO] --- compiler:3.14.1:testCompile (default-testCompile) @ PJDBC ---
[INFO] Nothing to compile - all classes are up to date.
[INFO]
[INFO] --- surefire:3.5.4:test (default-test) @ PJDBC ---
[INFO] Using auto detected provider org.apache.maven.surefire.junitplatform.JUnitPlatformProvider
[INFO]
[INFO] -------------------------------------------------------
[INFO]  T E S T S
[INFO] -------------------------------------------------------
[INFO] Running org.pjdbc.drivers.DataMaskingDriverTest
[INFO] Tests run: 39, Failures: 0, Errors: 0, Skipped: 0, Time elapsed: 0.945 s -- in org.pjdbc.drivers.DataMaskingDriverTest
[INFO] Running org.pjdbc.drivers.DataMaskingSecurityTest
[INFO] Tests run: 3, Failures: 0, Errors: 0, Skipped: 0, Time elapsed: 0.020 s -- in org.pjdbc.drivers.DataMaskingSecurityTest
[INFO]
[INFO] Results:
[INFO]
[INFO] Tests run: 42, Failures: 0, Errors: 0, Skipped: 0
[INFO]
[INFO] ------------------------------------------------------------------------
[INFO] BUILD SUCCESS
[INFO] ------------------------------------------------------------------------
[INFO] Total time:  4.039 s
[INFO] Finished at: 2026-03-10T23:36:32Z
[INFO] ------------------------------------------------------------------------
